###########################
 A test for matrix divided
############################
>>> matrix_divided = __import__('2-matrix_divided').matrix_divided
>>> matrix_divided([[1, 2, "3"], [4, 5, 6]], 3)
Traceback (most recent call last):
    ...
TypeError: matrix must be a matrix (list of lists) of integers/floats
>>> matrix_divided([[1, 2], [3, 4, 5]], 3)
Traceback (most recent call last):
    ...
TypeError: Each row of the matrix must have the same size
>>> matrix_divided([[1, 2, 3], [4, 5, 6]], "3")
Traceback (most recent call last):
    ...
TypeError: div must be a number
>>> matrix_divided([[1, 2, 3], [4, 5, 6]], 0)
Traceback (most recent call last):
    ...
ZeroDivisionError: division by zero


